------------------------------------------------------------
Timing Analyzer Summary
------------------------------------------------------------

Type  : Slow 1100mV 85C Model Setup 'clk'
Slack : 0.119
TNS   : 0.000

Type  : Slow 1100mV 85C Model Hold 'clk'
Slack : 0.259
TNS   : 0.000

Type  : Slow 1100mV 85C Model Minimum Pulse Width 'clk'
Slack : -0.538
TNS   : -13.752

Type  : Slow 1100mV 0C Model Setup 'clk'
Slack : 0.125
TNS   : 0.000

Type  : Slow 1100mV 0C Model Hold 'clk'
Slack : 0.244
TNS   : 0.000

Type  : Slow 1100mV 0C Model Minimum Pulse Width 'clk'
Slack : -0.538
TNS   : -12.444

Type  : Fast 1100mV 85C Model Setup 'clk'
Slack : 0.537
TNS   : 0.000

Type  : Fast 1100mV 85C Model Hold 'clk'
Slack : 0.133
TNS   : 0.000

Type  : Fast 1100mV 85C Model Minimum Pulse Width 'clk'
Slack : -0.359
TNS   : -5.819

Type  : Fast 1100mV 0C Model Setup 'clk'
Slack : 0.561
TNS   : 0.000

Type  : Fast 1100mV 0C Model Hold 'clk'
Slack : 0.118
TNS   : 0.000

Type  : Fast 1100mV 0C Model Minimum Pulse Width 'clk'
Slack : -0.322
TNS   : -5.008

------------------------------------------------------------
